#-----------------------------------------------------------
# Vivado v2025.1 (64-bit)
# SW Build 6140274 on Thu May 22 00:12:29 MDT 2025
# IP Build 6138677 on Thu May 22 03:10:11 MDT 2025
# SharedData Build 6139179 on Tue May 20 17:58:58 MDT 2025
# Start of session at: Fri Oct  2 11:31:01 2026
# Process ID         : 40264
# Current directory  : C:/453_labs/Lab_3/Lab_3.runs/synth_1
# Command line       : vivado.exe -log lab_3_top_level.vds -product Vivado -mode batch -messageDb vivado.pb -notrace -source lab_3_top_level.tcl
# Log file           : C:/453_labs/Lab_3/Lab_3.runs/synth_1/lab_3_top_level.vds
# Journal file       : C:/453_labs/Lab_3/Lab_3.runs/synth_1\vivado.jou
# Running On         : MSI
# Platform           : Windows Server 2016 or Windows 10
# Operating System   : 26200
# Processor Detail   : Intel(R) Core(TM) Ultra 7 155H
# CPU Frequency      : 2995 MHz
# CPU Physical cores : 16
# CPU Logical cores  : 22
# Host memory        : 16665 MB
# Swap memory        : 36507 MB
# Total Virtual      : 53172 MB
# Available Virtual  : 25367 MB
#-----------------------------------------------------------
source lab_3_top_level.tcl -notrace
