Time resolution is 1 ps
Time = 0: switches_inputs = 0000000000000000, led = xxxxxxxxxxxxxxxx
Time = 7000: switches_inputs = 0000000000000000, led = xxxxxxxxxx0xxxxx
Time = 7000: switches_inputs = 0000000000000000, led = xxxxxxxx0x0xxxxx
Time = 7000: switches_inputs = 0000000000000000, led = xxxxxx0x0x0xxxxx
Time = 7000: switches_inputs = 0000000000000000, led = xxxxxx0x0x0xxxx0
Time = 7000: switches_inputs = 0000000000000000, led = xxxxxx0x000xxxx0
Time = 7000: switches_inputs = 0000000000000000, led = xxxxxx0x000xx0x0
Time = 7000: switches_inputs = 0000000000000000, led = xxxxxx0x000x00x0
Time = 7000: switches_inputs = 0000000000000000, led = xxxxxx0x000000x0
Time = 7000: switches_inputs = 0000000000000000, led = xxxxx00x000000x0
Time = 7000: switches_inputs = 0000000000000000, led = xxxx000x000000x0
Time = 7000: switches_inputs = 0000000000000000, led = x0xx000x000000x0
Time = 8000: switches_inputs = 0000000000000000, led = x00x000x000000x0
Time = 8000: switches_inputs = 0000000000000000, led = x00x000x00000000
Time = 8000: switches_inputs = 0000000000000000, led = 000x000x00000000
Time = 8000: switches_inputs = 0000000000000000, led = 0000000x00000000
Time = 10000: switches_inputs = 0000000000000000, led = 0000000000000000
Time = 62000: switches_inputs = 1111111111111111, led = 0000000000000000
Time = 69000: switches_inputs = 1111111111111111, led = 0000000000100000
Time = 69000: switches_inputs = 1111111111111111, led = 0000000010100000
Time = 69000: switches_inputs = 1111111111111111, led = 0000001010100000
Time = 69000: switches_inputs = 1111111111111111, led = 0000001010100001
Time = 69000: switches_inputs = 1111111111111111, led = 0000001011100001
Time = 69000: switches_inputs = 1111111111111111, led = 0000001011100101
Time = 69000: switches_inputs = 1111111111111111, led = 0000001011101101
Time = 69000: switches_inputs = 1111111111111111, led = 0000001011111101
Time = 69000: switches_inputs = 1111111111111111, led = 0000011011111101
Time = 69000: switches_inputs = 1111111111111111, led = 0000111011111101
Time = 69000: switches_inputs = 1111111111111111, led = 0100111011111101
Time = 70000: switches_inputs = 1111111111111111, led = 0110111011111101
Time = 70000: switches_inputs = 1111111111111111, led = 0110111011111111
Time = 70000: switches_inputs = 1111111111111111, led = 1110111011111111
Time = 70000: switches_inputs = 1111111111111111, led = 1111111011111111
Time = 72000: switches_inputs = 1111111111111111, led = 1111111111111111
Time = 162000: switches_inputs = 0101010101010101, led = 1111111111111111
Time = 169000: switches_inputs = 0101010101010101, led = 1111111111011111
Time = 169000: switches_inputs = 0101010101010101, led = 1111110111011111
Time = 169000: switches_inputs = 0101010101010101, led = 1111110101011111
Time = 169000: switches_inputs = 0101010101010101, led = 1111110101010111
Time = 169000: switches_inputs = 0101010101010101, led = 1111010101010111
Time = 170000: switches_inputs = 0101010101010101, led = 1101010101010111
Time = 170000: switches_inputs = 0101010101010101, led = 1101010101010101
Time = 170000: switches_inputs = 0101010101010101, led = 0101010101010101
Time = 262000: switches_inputs = 1010101010101010, led = 0101010101010101
Time = 269000: switches_inputs = 1010101010101010, led = 0101010101110101
Time = 269000: switches_inputs = 1010101010101010, led = 0101010111110101
Time = 269000: switches_inputs = 1010101010101010, led = 0101011111110101
Time = 269000: switches_inputs = 1010101010101010, led = 0101011111110100
Time = 269000: switches_inputs = 1010101010101010, led = 0101011110110100
Time = 269000: switches_inputs = 1010101010101010, led = 0101011110110000
Time = 269000: switches_inputs = 1010101010101010, led = 0101011110111000
Time = 269000: switches_inputs = 1010101010101010, led = 0101011110101000
Time = 269000: switches_inputs = 1010101010101010, led = 0101001110101000
Time = 269000: switches_inputs = 1010101010101010, led = 0101101110101000
Time = 269000: switches_inputs = 1010101010101010, led = 0001101110101000
Time = 270000: switches_inputs = 1010101010101010, led = 0011101110101000
Time = 270000: switches_inputs = 1010101010101010, led = 0011101110101010
Time = 270000: switches_inputs = 1010101010101010, led = 1011101110101010
Time = 270000: switches_inputs = 1010101010101010, led = 1010101110101010
Time = 272000: switches_inputs = 1010101010101010, led = 1010101010101010
Time = 362000: switches_inputs = 1100110011001100, led = 1010101010101010
Time = 369000: switches_inputs = 1100110011001100, led = 1010101010001010
Time = 369000: switches_inputs = 1100110011001100, led = 1010100010001010
Time = 369000: switches_inputs = 1100110011001100, led = 1010100011001010
Time = 369000: switches_inputs = 1100110011001100, led = 1010100011001110
Time = 369000: switches_inputs = 1100110011001100, led = 1010110011001110
Time = 369000: switches_inputs = 1100110011001100, led = 1110110011001110
Time = 370000: switches_inputs = 1100110011001100, led = 1100110011001110
Time = 370000: switches_inputs = 1100110011001100, led = 1100110011001100
Time = 462000: switches_inputs = 0011001100110011, led = 1100110011001100
Time = 469000: switches_inputs = 0011001100110011, led = 1100110011101100
Time = 469000: switches_inputs = 0011001100110011, led = 1100110001101100
Time = 469000: switches_inputs = 0011001100110011, led = 1100111001101100
Time = 469000: switches_inputs = 0011001100110011, led = 1100111001101101
Time = 469000: switches_inputs = 0011001100110011, led = 1100111000101101
Time = 469000: switches_inputs = 0011001100110011, led = 1100111000101001
Time = 469000: switches_inputs = 0011001100110011, led = 1100111000100001
Time = 469000: switches_inputs = 0011001100110011, led = 1100111000110001
Time = 469000: switches_inputs = 0011001100110011, led = 1100101000110001
Time = 469000: switches_inputs = 0011001100110011, led = 1100001000110001
Time = 469000: switches_inputs = 0011001100110011, led = 1000001000110001
Time = 470000: switches_inputs = 0011001100110011, led = 1010001000110001
Time = 470000: switches_inputs = 0011001100110011, led = 1010001000110011
Time = 470000: switches_inputs = 0011001100110011, led = 0010001000110011
Time = 470000: switches_inputs = 0011001100110011, led = 0011001000110011
Time = 472000: switches_inputs = 0011001100110011, led = 0011001100110011
$stop called at time : 612 ns : File "/home/jonesp/Downloads/School/453/Lab_1b/lab_1b_top_level_tb.sv" Line 78
