
*** Running vivado
    with args -log lab_1b_top_level.vds -m64 -product Vivado -mode batch -messageDb vivado.pb -notrace -source lab_1b_top_level.tcl


****** Vivado v2025.1 (64-bit)
  **** SW Build 6140274 on Wed May 21 22:58:25 MDT 2025
  **** IP Build 6138677 on Thu May 22 03:10:11 MDT 2025
  **** SharedData Build 6139179 on Tue May 20 17:58:58 MDT 2025
  **** Start of session at: Mon Sep 21 12:09:00 2026
    ** Copyright 1986-2022 Xilinx, Inc. All Rights Reserved.
    ** Copyright 2022-2025 Advanced Micro Devices, Inc. All Rights Reserved.

source lab_1b_top_level.tcl -notrace
create_project: Time (s): cpu = 00:00:33 ; elapsed = 00:00:05 . Memory (MB): peak = 1812.035 ; gain = 64.051 ; free physical = 162 ; free virtual = 14995
Command: synth_design -top lab_1b_top_level -part xc7a35tcpg236-1
Starting synth_design
Attempting to get a license for feature 'Synthesis' and/or device 'xc7a35t'
INFO: [Common 17-349] Got license for feature 'Synthesis' and/or device 'xc7a35t'
INFO: [Device 21-403] Loading part xc7a35tcpg236-1
INFO: [Synth 8-7079] Multithreading enabled for synth_design using a maximum of 7 processes.
INFO: [Synth 8-7078] Launching helper process for spawning children vivado processes
INFO: [Synth 8-7075] Helper process launched with PID 89754
---------------------------------------------------------------------------------
Starting RTL Elaboration : Time (s): cpu = 00:00:10 ; elapsed = 00:00:11 . Memory (MB): peak = 2305.293 ; gain = 441.711 ; free physical = 361 ; free virtual = 14351
---------------------------------------------------------------------------------
INFO: [Synth 8-6157] synthesizing module 'lab_1b_top_level' [/home/jonesp/Downloads/School/453/Lab_1b/lab_1b_top_level.sv:1]
INFO: [Synth 8-6157] synthesizing module 'seven_segment_display_subsystem' [/home/jonesp/Downloads/School/453/Lab_1b/seven_segment_display_subsystem.sv:26]
INFO: [Synth 8-6157] synthesizing module 'digit_multiplexor' [/home/jonesp/Downloads/School/453/Lab_1b/digit_multiplexor.sv:39]
INFO: [Synth 8-6155] done synthesizing module 'digit_multiplexor' (0#1) [/home/jonesp/Downloads/School/453/Lab_1b/digit_multiplexor.sv:39]
INFO: [Synth 8-6157] synthesizing module 'seven_segment_digit_selector' [/home/jonesp/Downloads/School/453/Lab_1b/seven_segment_digit_selector.sv:36]
INFO: [Synth 8-6155] done synthesizing module 'seven_segment_digit_selector' (0#1) [/home/jonesp/Downloads/School/453/Lab_1b/seven_segment_digit_selector.sv:36]
INFO: [Synth 8-6157] synthesizing module 'seven_segment_decoder' [/home/jonesp/Downloads/School/453/Lab_1b/seven_segment_decoder_Lab1b.sv:37]
INFO: [Synth 8-226] default block is never used [/home/jonesp/Downloads/School/453/Lab_1b/seven_segment_decoder_Lab1b.sv:55]
INFO: [Synth 8-6155] done synthesizing module 'seven_segment_decoder' (0#1) [/home/jonesp/Downloads/School/453/Lab_1b/seven_segment_decoder_Lab1b.sv:37]
INFO: [Synth 8-6155] done synthesizing module 'seven_segment_display_subsystem' (0#1) [/home/jonesp/Downloads/School/453/Lab_1b/seven_segment_display_subsystem.sv:26]
INFO: [Synth 8-6157] synthesizing module 'switch_logic' [/home/jonesp/Downloads/School/453/Lab_1b/switch_logic.sv:1]
INFO: [Synth 8-6155] done synthesizing module 'switch_logic' (0#1) [/home/jonesp/Downloads/School/453/Lab_1b/switch_logic.sv:1]
INFO: [Synth 8-6155] done synthesizing module 'lab_1b_top_level' (0#1) [/home/jonesp/Downloads/School/453/Lab_1b/lab_1b_top_level.sv:1]
---------------------------------------------------------------------------------
Finished RTL Elaboration : Time (s): cpu = 00:00:13 ; elapsed = 00:00:14 . Memory (MB): peak = 2378.262 ; gain = 514.680 ; free physical = 253 ; free virtual = 14238
---------------------------------------------------------------------------------
---------------------------------------------------------------------------------
Start Handling Custom Attributes
---------------------------------------------------------------------------------
---------------------------------------------------------------------------------
Finished Handling Custom Attributes : Time (s): cpu = 00:00:14 ; elapsed = 00:00:15 . Memory (MB): peak = 2396.074 ; gain = 532.492 ; free physical = 253 ; free virtual = 14238
---------------------------------------------------------------------------------
---------------------------------------------------------------------------------
Finished RTL Optimization Phase 1 : Time (s): cpu = 00:00:14 ; elapsed = 00:00:15 . Memory (MB): peak = 2396.074 ; gain = 532.492 ; free physical = 253 ; free virtual = 14238
---------------------------------------------------------------------------------
Netlist sorting complete. Time (s): cpu = 00:00:00 ; elapsed = 00:00:00 . Memory (MB): peak = 2396.074 ; gain = 0.000 ; free physical = 253 ; free virtual = 14238
INFO: [Project 1-570] Preparing netlist for logic optimization

Processing XDC Constraints
Initializing timing engine
Parsing XDC File [/home/jonesp/Downloads/School/453/Lab_1b/lab_1b.xdc]
Finished Parsing XDC File [/home/jonesp/Downloads/School/453/Lab_1b/lab_1b.xdc]
INFO: [Project 1-236] Implementation specific constraints were found while reading constraint file [/home/jonesp/Downloads/School/453/Lab_1b/lab_1b.xdc]. These constraints will be ignored for synthesis but will be used in implementation. Impacted constraints are listed in the file [.Xil/lab_1b_top_level_propImpl.xdc].
Resolution: To avoid this warning, move constraints listed in [.Xil/lab_1b_top_level_propImpl.xdc] to another XDC file and exclude this new file from synthesis with the used_in_synthesis property (File Properties dialog in GUI) and re-run elaboration/synthesis.
Completed Processing XDC Constraints

Netlist sorting complete. Time (s): cpu = 00:00:00 ; elapsed = 00:00:00 . Memory (MB): peak = 2504.812 ; gain = 0.000 ; free physical = 226 ; free virtual = 14221
INFO: [Project 1-111] Unisim Transformation Summary:
No Unisim elements were transformed.

Constraint Validation Runtime : Time (s): cpu = 00:00:00 ; elapsed = 00:00:00 . Memory (MB): peak = 2504.848 ; gain = 0.000 ; free physical = 224 ; free virtual = 14220
---------------------------------------------------------------------------------
Finished Constraint Validation : Time (s): cpu = 00:00:29 ; elapsed = 00:00:31 . Memory (MB): peak = 2504.848 ; gain = 641.266 ; free physical = 281 ; free virtual = 14102
---------------------------------------------------------------------------------
---------------------------------------------------------------------------------
Start Loading Part and Timing Information
---------------------------------------------------------------------------------
Loading part: xc7a35tcpg236-1
---------------------------------------------------------------------------------
Finished Loading Part and Timing Information : Time (s): cpu = 00:00:29 ; elapsed = 00:00:31 . Memory (MB): peak = 2512.816 ; gain = 649.234 ; free physical = 281 ; free virtual = 14102
---------------------------------------------------------------------------------
---------------------------------------------------------------------------------
Start Applying 'set_property' XDC Constraints
---------------------------------------------------------------------------------
---------------------------------------------------------------------------------
Finished applying 'set_property' XDC Constraints : Time (s): cpu = 00:00:29 ; elapsed = 00:00:31 . Memory (MB): peak = 2512.816 ; gain = 649.234 ; free physical = 281 ; free virtual = 14102
---------------------------------------------------------------------------------
---------------------------------------------------------------------------------
Finished RTL Optimization Phase 2 : Time (s): cpu = 00:00:30 ; elapsed = 00:00:31 . Memory (MB): peak = 2512.816 ; gain = 649.234 ; free physical = 283 ; free virtual = 14105
---------------------------------------------------------------------------------
---------------------------------------------------------------------------------
Start RTL Component Statistics 
---------------------------------------------------------------------------------
Detailed RTL Component Info : 
+---Registers : 
	                4 Bit    Registers := 1     
+---Muxes : 
	   2 Input    4 Bit        Muxes := 1     
---------------------------------------------------------------------------------
Finished RTL Component Statistics 
---------------------------------------------------------------------------------
---------------------------------------------------------------------------------
Start Part Resource Summary
---------------------------------------------------------------------------------
Part Resources:
DSPs: 90 (col length:60)
BRAMs: 100 (col length: RAMB18 60 RAMB36 30)
---------------------------------------------------------------------------------
Finished Part Resource Summary
---------------------------------------------------------------------------------
---------------------------------------------------------------------------------
Start Cross Boundary and Area Optimization
---------------------------------------------------------------------------------
WARNING: [Synth 8-7080] Parallel synthesis criteria is not met
WARNING: [Synth 8-3917] design lab_1b_top_level has port DP driven by constant 1
---------------------------------------------------------------------------------
Finished Cross Boundary and Area Optimization : Time (s): cpu = 00:00:34 ; elapsed = 00:00:35 . Memory (MB): peak = 2512.816 ; gain = 649.234 ; free physical = 264 ; free virtual = 14092
---------------------------------------------------------------------------------
---------------------------------------------------------------------------------
Start Applying XDC Timing Constraints
---------------------------------------------------------------------------------
---------------------------------------------------------------------------------
Finished Applying XDC Timing Constraints : Time (s): cpu = 00:00:46 ; elapsed = 00:00:48 . Memory (MB): peak = 2559.816 ; gain = 696.234 ; free physical = 185 ; free virtual = 14019
---------------------------------------------------------------------------------
---------------------------------------------------------------------------------
Start Timing Optimization
---------------------------------------------------------------------------------
---------------------------------------------------------------------------------
Finished Timing Optimization : Time (s): cpu = 00:00:46 ; elapsed = 00:00:48 . Memory (MB): peak = 2580.848 ; gain = 717.266 ; free physical = 187 ; free virtual = 13998
---------------------------------------------------------------------------------
---------------------------------------------------------------------------------
Start Technology Mapping
---------------------------------------------------------------------------------
---------------------------------------------------------------------------------
Finished Technology Mapping : Time (s): cpu = 00:00:46 ; elapsed = 00:00:48 . Memory (MB): peak = 2588.855 ; gain = 725.273 ; free physical = 175 ; free virtual = 13987
---------------------------------------------------------------------------------
---------------------------------------------------------------------------------
Start IO Insertion
---------------------------------------------------------------------------------
---------------------------------------------------------------------------------
Start Flattening Before IO Insertion
---------------------------------------------------------------------------------
---------------------------------------------------------------------------------
Finished Flattening Before IO Insertion
---------------------------------------------------------------------------------
---------------------------------------------------------------------------------
Start Final Netlist Cleanup
---------------------------------------------------------------------------------
---------------------------------------------------------------------------------
Finished Final Netlist Cleanup
---------------------------------------------------------------------------------
---------------------------------------------------------------------------------
Finished IO Insertion : Time (s): cpu = 00:00:55 ; elapsed = 00:00:57 . Memory (MB): peak = 2754.668 ; gain = 891.086 ; free physical = 174 ; free virtual = 13779
---------------------------------------------------------------------------------
---------------------------------------------------------------------------------
Start Renaming Generated Instances
---------------------------------------------------------------------------------
---------------------------------------------------------------------------------
Finished Renaming Generated Instances : Time (s): cpu = 00:00:55 ; elapsed = 00:00:57 . Memory (MB): peak = 2754.668 ; gain = 891.086 ; free physical = 174 ; free virtual = 13779
---------------------------------------------------------------------------------
---------------------------------------------------------------------------------
Start Rebuilding User Hierarchy
---------------------------------------------------------------------------------
---------------------------------------------------------------------------------
Finished Rebuilding User Hierarchy : Time (s): cpu = 00:00:55 ; elapsed = 00:00:57 . Memory (MB): peak = 2754.668 ; gain = 891.086 ; free physical = 174 ; free virtual = 13779
---------------------------------------------------------------------------------
---------------------------------------------------------------------------------
Start Renaming Generated Ports
---------------------------------------------------------------------------------
---------------------------------------------------------------------------------
Finished Renaming Generated Ports : Time (s): cpu = 00:00:55 ; elapsed = 00:00:57 . Memory (MB): peak = 2754.668 ; gain = 891.086 ; free physical = 174 ; free virtual = 13779
---------------------------------------------------------------------------------
---------------------------------------------------------------------------------
Start Handling Custom Attributes
---------------------------------------------------------------------------------
---------------------------------------------------------------------------------
Finished Handling Custom Attributes : Time (s): cpu = 00:00:55 ; elapsed = 00:00:58 . Memory (MB): peak = 2754.668 ; gain = 891.086 ; free physical = 174 ; free virtual = 13779
---------------------------------------------------------------------------------
---------------------------------------------------------------------------------
Start Renaming Generated Nets
---------------------------------------------------------------------------------
---------------------------------------------------------------------------------
Finished Renaming Generated Nets : Time (s): cpu = 00:00:55 ; elapsed = 00:00:58 . Memory (MB): peak = 2754.668 ; gain = 891.086 ; free physical = 174 ; free virtual = 13779
---------------------------------------------------------------------------------
---------------------------------------------------------------------------------
Start Writing Synthesis Report
---------------------------------------------------------------------------------

Report BlackBoxes: 
+-+--------------+----------+
| |BlackBox name |Instances |
+-+--------------+----------+
+-+--------------+----------+

Report Cell Usage: 
+------+-------+------+
|      |Cell   |Count |
+------+-------+------+
|1     |BUFG   |     1|
|2     |CARRY4 |     5|
|3     |LUT1   |     5|
|4     |LUT2   |     1|
|5     |LUT3   |     1|
|6     |LUT4   |    14|
|7     |LUT5   |    12|
|8     |LUT6   |     7|
|9     |FDRE   |    18|
|10    |FDSE   |     3|
|11    |IBUF   |    18|
|12    |OBUF   |    28|
+------+-------+------+
---------------------------------------------------------------------------------
Finished Writing Synthesis Report : Time (s): cpu = 00:00:55 ; elapsed = 00:00:58 . Memory (MB): peak = 2754.668 ; gain = 891.086 ; free physical = 174 ; free virtual = 13779
---------------------------------------------------------------------------------
Synthesis finished with 0 errors, 0 critical warnings and 2 warnings.
Synthesis Optimization Runtime : Time (s): cpu = 00:00:51 ; elapsed = 00:00:54 . Memory (MB): peak = 2754.668 ; gain = 782.312 ; free physical = 174 ; free virtual = 13779
Synthesis Optimization Complete : Time (s): cpu = 00:00:55 ; elapsed = 00:00:58 . Memory (MB): peak = 2754.676 ; gain = 891.086 ; free physical = 174 ; free virtual = 13779
INFO: [Project 1-571] Translating synthesized netlist
Netlist sorting complete. Time (s): cpu = 00:00:00 ; elapsed = 00:00:00 . Memory (MB): peak = 2754.676 ; gain = 0.000 ; free physical = 174 ; free virtual = 13779
INFO: [Netlist 29-17] Analyzing 5 Unisim elements for replacement
INFO: [Netlist 29-28] Unisim Transformation completed in 0 CPU seconds
INFO: [Project 1-570] Preparing netlist for logic optimization
INFO: [Opt 31-138] Pushed 0 inverter(s) to 0 load pin(s).
Netlist sorting complete. Time (s): cpu = 00:00:00 ; elapsed = 00:00:00 . Memory (MB): peak = 2810.695 ; gain = 0.000 ; free physical = 345 ; free virtual = 13952
INFO: [Project 1-111] Unisim Transformation Summary:
No Unisim elements were transformed.

Synth Design complete | Checksum: 22bfe977
INFO: [Common 17-83] Releasing license: Synthesis
28 Infos, 2 Warnings, 0 Critical Warnings and 0 Errors encountered.
synth_design completed successfully
synth_design: Time (s): cpu = 00:01:15 ; elapsed = 00:01:10 . Memory (MB): peak = 2810.730 ; gain = 998.695 ; free physical = 346 ; free virtual = 13954
INFO: [Common 17-2834] synth_design peak Physical Memory [PSS] (MB): overall = 1823.668; main = 1723.923; forked = 275.338
INFO: [Common 17-2834] synth_design peak Virtual Memory [VSS] (MB): overall = 4230.234; main = 2810.699; forked = 1615.375
Write ShapeDB Complete: Time (s): cpu = 00:00:00.01 ; elapsed = 00:00:00 . Memory (MB): peak = 2834.707 ; gain = 0.000 ; free physical = 346 ; free virtual = 13954
INFO: [Common 17-1381] The checkpoint '/home/jonesp/Downloads/School/453/Lab_1b/Lab_1b.runs/synth_1/lab_1b_top_level.dcp' has been generated.
INFO: [Vivado 12-24828] Executing command : report_utilization -file lab_1b_top_level_utilization_synth.rpt -pb lab_1b_top_level_utilization_synth.pb
INFO: [Common 17-206] Exiting Vivado at Mon Sep 21 12:10:22 2026...
