Copyright 1986-2022 Xilinx, Inc. All Rights Reserved. Copyright 2022-2025 Advanced Micro Devices, Inc. All Rights Reserved.
---------------------------------------------------------------------------------------------------------------------------------------------
| Tool Version : Vivado v.2025.1 (win64) Build 6140274 Thu May 22 00:12:29 MDT 2025
| Date         : Fri Oct  2 11:31:57 2026
| Host         : MSI running 64-bit major release  (build 9200)
| Command      : report_control_sets -verbose -file lab_3_top_level_control_sets_placed.rpt
| Design       : lab_3_top_level
| Device       : xc7a35t
---------------------------------------------------------------------------------------------------------------------------------------------

Control Set Information

Table of Contents
-----------------
1. Summary
2. Histogram
3. Flip-Flop Distribution
4. Detailed Control Set Information

1. Summary
----------

+----------------------------------------------------------+-------+
|                          Status                          | Count |
+----------------------------------------------------------+-------+
| Total control sets                                       |    10 |
|    Minimum number of control sets                        |    10 |
|    Addition due to synthesis replication                 |     0 |
|    Addition due to physical synthesis replication        |     0 |
| Unused register locations in slices containing registers |    24 |
+----------------------------------------------------------+-------+
* Control sets can be merged at opt_design using control_set_merge or merge_equivalent_drivers
** Run report_qor_suggestions for automated merging and remapping suggestions


2. Histogram
------------

+--------------------+-------+
|       Fanout       | Count |
+--------------------+-------+
| Total control sets |    10 |
| >= 0 to < 4        |     0 |
| >= 4 to < 6        |     2 |
| >= 6 to < 8        |     0 |
| >= 8 to < 10       |     0 |
| >= 10 to < 12      |     0 |
| >= 12 to < 14      |     1 |
| >= 14 to < 16      |     0 |
| >= 16              |     7 |
+--------------------+-------+
* Control sets can be remapped at either synth_design or opt_design


3. Flip-Flop Distribution
-------------------------

+--------------+-----------------------+------------------------+-----------------+--------------+
| Clock Enable | Synchronous Set/Reset | Asynchronous Set/Reset | Total Registers | Total Slices |
+--------------+-----------------------+------------------------+-----------------+--------------+
| No           | No                    | No                     |              42 |           15 |
| No           | No                    | Yes                    |               0 |            0 |
| No           | Yes                   | No                     |              25 |            9 |
| Yes          | No                    | No                     |               0 |            0 |
| Yes          | No                    | Yes                    |               0 |            0 |
| Yes          | Yes                   | No                     |             133 |           40 |
+--------------+-----------------------+------------------------+-----------------+--------------+


4. Detailed Control Set Information
-----------------------------------

+----------------+-----------------------------------+-----------------------------------+------------------+----------------+--------------+
|  Clock Signal  |           Enable Signal           |          Set/Reset Signal         | Slice Load Count | Bel Load Count | Bels / Slice |
+----------------+-----------------------------------+-----------------------------------+------------------+----------------+--------------+
|  clk_IBUF_BUFG | BIN_TO_BCD/p_1_in                 | BIN_REG/SR[0]                     |                1 |              4 |         4.00 |
|  clk_IBUF_BUFG |                                   | BIN_REG/SR[0]                     |                2 |              5 |         2.50 |
|  clk_IBUF_BUFG | BIN_TO_BCD/bcd_out[15]_i_1_n_0    | reset_IBUF                        |                6 |             12 |         2.00 |
|  clk_IBUF_BUFG | EN_DEBOUNCE/E[0]                  | reset_IBUF                        |                6 |             16 |         2.67 |
|  clk_IBUF_BUFG |                                   | reset_IBUF                        |                7 |             20 |         2.86 |
|  clk_IBUF_BUFG | SEL1_DEBOUNCE/count[0]_i_2__0_n_0 | SEL1_DEBOUNCE/count[0]_i_1__0_n_0 |                6 |             23 |         3.83 |
|  clk_IBUF_BUFG | EN_DEBOUNCE/count[0]_i_2__1_n_0   | EN_DEBOUNCE/count[0]_i_1__1_n_0   |                6 |             23 |         3.83 |
|  clk_IBUF_BUFG | SEL0_DEBOUNCE/sel                 | SEL0_DEBOUNCE/count[0]_i_1_n_0    |                6 |             23 |         3.83 |
|  clk_IBUF_BUFG | BIN_TO_BCD/scratch[31]_i_1_n_0    | BIN_REG/SR[0]                     |                9 |             32 |         3.56 |
|  clk_IBUF_BUFG |                                   |                                   |               15 |             42 |         2.80 |
+----------------+-----------------------------------+-----------------------------------+------------------+----------------+--------------+


