
*** Running vivado
    with args -log lab_1b_top_level.vdi -applog -m64 -product Vivado -messageDb vivado.pb -mode batch -source lab_1b_top_level.tcl -notrace


****** Vivado v2025.1 (64-bit)
  **** SW Build 6140274 on Wed May 21 22:58:25 MDT 2025
  **** IP Build 6138677 on Thu May 22 03:10:11 MDT 2025
  **** SharedData Build 6139179 on Tue May 20 17:58:58 MDT 2025
  **** Start of session at: Mon Sep 21 12:10:47 2026
    ** Copyright 1986-2022 Xilinx, Inc. All Rights Reserved.
    ** Copyright 2022-2025 Advanced Micro Devices, Inc. All Rights Reserved.

source lab_1b_top_level.tcl -notrace
create_project: Time (s): cpu = 00:00:34 ; elapsed = 00:00:05 . Memory (MB): peak = 1750.832 ; gain = 166.152 ; free physical = 1425 ; free virtual = 14990
Command: link_design -top lab_1b_top_level -part xc7a35tcpg236-1
Design is defaulting to srcset: sources_1
Design is defaulting to constrset: constrs_1
INFO: [Device 21-403] Loading part xc7a35tcpg236-1
Netlist sorting complete. Time (s): cpu = 00:00:00 ; elapsed = 00:00:00 . Memory (MB): peak = 1879.137 ; gain = 0.000 ; free physical = 1276 ; free virtual = 14842
INFO: [Netlist 29-17] Analyzing 5 Unisim elements for replacement
INFO: [Netlist 29-28] Unisim Transformation completed in 0 CPU seconds
INFO: [Project 1-479] Netlist was created with Vivado 2025.1
INFO: [Project 1-570] Preparing netlist for logic optimization
Parsing XDC File [/home/jonesp/Downloads/School/453/Lab_1b/lab_1b.xdc]
Finished Parsing XDC File [/home/jonesp/Downloads/School/453/Lab_1b/lab_1b.xdc]
INFO: [Opt 31-138] Pushed 0 inverter(s) to 0 load pin(s).
Netlist sorting complete. Time (s): cpu = 00:00:00 ; elapsed = 00:00:00 . Memory (MB): peak = 2063.773 ; gain = 0.000 ; free physical = 1181 ; free virtual = 14746
INFO: [Project 1-111] Unisim Transformation Summary:
No Unisim elements were transformed.

7 Infos, 0 Warnings, 0 Critical Warnings and 0 Errors encountered.
link_design completed successfully
link_design: Time (s): cpu = 00:00:08 ; elapsed = 00:00:09 . Memory (MB): peak = 2067.777 ; gain = 316.945 ; free physical = 1177 ; free virtual = 14743
Command: opt_design
Attempting to get a license for feature 'Implementation' and/or device 'xc7a35t'
INFO: [Common 17-349] Got license for feature 'Implementation' and/or device 'xc7a35t'
Running DRC as a precondition to command opt_design

Starting DRC Task
INFO: [DRC 23-27] Running DRC with 8 threads
INFO: [Project 1-461] DRC finished with 0 Errors
INFO: [Project 1-462] Please refer to the DRC report (report_drc) for more information.

Time (s): cpu = 00:00:11 ; elapsed = 00:00:03 . Memory (MB): peak = 2185.047 ; gain = 117.270 ; free physical = 1107 ; free virtual = 14673

Starting Cache Timing Information Task
INFO: [Timing 38-35] Done setting XDC timing constraints.
Ending Cache Timing Information Task | Checksum: 18b12e468

Time (s): cpu = 00:00:13 ; elapsed = 00:00:13 . Memory (MB): peak = 2580.000 ; gain = 394.953 ; free physical = 716 ; free virtual = 14289

Starting Logic Optimization Task

Phase 1 Initialization

Phase 1.1 Core Generation And Design Setup
Phase 1.1 Core Generation And Design Setup | Checksum: 18b12e468

Time (s): cpu = 00:00:00 ; elapsed = 00:00:00 . Memory (MB): peak = 2943.719 ; gain = 0.000 ; free physical = 352 ; free virtual = 13899

Phase 1.2 Setup Constraints And Sort Netlist
Phase 1.2 Setup Constraints And Sort Netlist | Checksum: 18b12e468

Time (s): cpu = 00:00:00.01 ; elapsed = 00:00:00.01 . Memory (MB): peak = 2943.719 ; gain = 0.000 ; free physical = 352 ; free virtual = 13899
Phase 1 Initialization | Checksum: 18b12e468

Time (s): cpu = 00:00:00.01 ; elapsed = 00:00:00.01 . Memory (MB): peak = 2943.719 ; gain = 0.000 ; free physical = 352 ; free virtual = 13899

Phase 2 Timer Update And Timing Data Collection

Phase 2.1 Timer Update
Phase 2.1 Timer Update | Checksum: 18b12e468

Time (s): cpu = 00:00:00.03 ; elapsed = 00:00:00.02 . Memory (MB): peak = 2943.719 ; gain = 0.000 ; free physical = 352 ; free virtual = 13899

Phase 2.2 Timing Data Collection
Phase 2.2 Timing Data Collection | Checksum: 18b12e468

Time (s): cpu = 00:00:00.04 ; elapsed = 00:00:00.03 . Memory (MB): peak = 2943.719 ; gain = 0.000 ; free physical = 352 ; free virtual = 13899
Phase 2 Timer Update And Timing Data Collection | Checksum: 18b12e468

Time (s): cpu = 00:00:00.05 ; elapsed = 00:00:00.03 . Memory (MB): peak = 2943.719 ; gain = 0.000 ; free physical = 352 ; free virtual = 13899

Phase 3 Retarget
INFO: [Opt 31-1851] Number of loadless carry chains removed were: 0
INFO: [Opt 31-1834] Total Chains To Be Transformed Were: 0 AND Number of Transformed insts Created are: 0
INFO: [Opt 31-138] Pushed 0 inverter(s) to 0 load pin(s).
INFO: [Opt 31-49] Retargeted 0 cell(s).
Phase 3 Retarget | Checksum: 18b12e468

Time (s): cpu = 00:00:00.07 ; elapsed = 00:00:00.05 . Memory (MB): peak = 2943.719 ; gain = 0.000 ; free physical = 352 ; free virtual = 13899
Retarget | Checksum: 18b12e468
INFO: [Opt 31-389] Phase Retarget created 0 cells and removed 0 cells

Phase 4 Constant propagation
INFO: [Opt 31-138] Pushed 0 inverter(s) to 0 load pin(s).
Phase 4 Constant propagation | Checksum: 18b12e468

Time (s): cpu = 00:00:00.07 ; elapsed = 00:00:00.06 . Memory (MB): peak = 2943.719 ; gain = 0.000 ; free physical = 352 ; free virtual = 13899
Constant propagation | Checksum: 18b12e468
INFO: [Opt 31-389] Phase Constant propagation created 0 cells and removed 0 cells

Phase 5 Sweep
INFO: [Constraints 18-11670] Building netlist checker database with flags, 0x8
Done building netlist checker database: Time (s): cpu = 00:00:00 ; elapsed = 00:00:00 . Memory (MB): peak = 2943.719 ; gain = 0.000 ; free physical = 352 ; free virtual = 13899
Phase 5 Sweep | Checksum: 19ea6e2de

Time (s): cpu = 00:00:00.08 ; elapsed = 00:00:00.06 . Memory (MB): peak = 2943.719 ; gain = 0.000 ; free physical = 352 ; free virtual = 13899
Sweep | Checksum: 19ea6e2de
INFO: [Opt 31-389] Phase Sweep created 0 cells and removed 0 cells

Phase 6 BUFG optimization
Phase 6 BUFG optimization | Checksum: 19ea6e2de

Time (s): cpu = 00:00:00.1 ; elapsed = 00:00:00.08 . Memory (MB): peak = 2975.734 ; gain = 32.016 ; free physical = 352 ; free virtual = 13899
BUFG optimization | Checksum: 19ea6e2de
INFO: [Opt 31-662] Phase BUFG optimization created 0 cells of which 0 are BUFGs and removed 0 cells.

Phase 7 Shift Register Optimization
INFO: [Opt 31-1064] SRL Remap converted 0 SRLs to 0 registers and converted 0 registers of register chains to 0 SRLs
Phase 7 Shift Register Optimization | Checksum: 19ea6e2de

Time (s): cpu = 00:00:00.11 ; elapsed = 00:00:00.09 . Memory (MB): peak = 2975.734 ; gain = 32.016 ; free physical = 352 ; free virtual = 13899
Shift Register Optimization | Checksum: 19ea6e2de
INFO: [Opt 31-389] Phase Shift Register Optimization created 0 cells and removed 0 cells

Phase 8 Post Processing Netlist
Phase 8 Post Processing Netlist | Checksum: 19ea6e2de

Time (s): cpu = 00:00:00.11 ; elapsed = 00:00:00.09 . Memory (MB): peak = 2975.734 ; gain = 32.016 ; free physical = 352 ; free virtual = 13899
Post Processing Netlist | Checksum: 19ea6e2de
INFO: [Opt 31-389] Phase Post Processing Netlist created 0 cells and removed 0 cells

Phase 9 Finalization

Phase 9.1 Finalizing Design Cores and Updating Shapes
Phase 9.1 Finalizing Design Cores and Updating Shapes | Checksum: 157c20afe

Time (s): cpu = 00:00:00.12 ; elapsed = 00:00:00.1 . Memory (MB): peak = 2975.734 ; gain = 32.016 ; free physical = 352 ; free virtual = 13899

Phase 9.2 Verifying Netlist Connectivity

Starting Connectivity Check Task

Time (s): cpu = 00:00:00 ; elapsed = 00:00:00.01 . Memory (MB): peak = 2975.734 ; gain = 0.000 ; free physical = 352 ; free virtual = 13899
Phase 9.2 Verifying Netlist Connectivity | Checksum: 157c20afe

Time (s): cpu = 00:00:00.13 ; elapsed = 00:00:00.11 . Memory (MB): peak = 2975.734 ; gain = 32.016 ; free physical = 352 ; free virtual = 13899
Phase 9 Finalization | Checksum: 157c20afe

Time (s): cpu = 00:00:00.13 ; elapsed = 00:00:00.11 . Memory (MB): peak = 2975.734 ; gain = 32.016 ; free physical = 352 ; free virtual = 13899
Opt_design Change Summary
=========================


-------------------------------------------------------------------------------------------------------------------------
|  Phase                        |  #Cells created  |  #Cells Removed  |  #Constrained objects preventing optimizations  |
-------------------------------------------------------------------------------------------------------------------------
|  Retarget                     |               0  |               0  |                                              0  |
|  Constant propagation         |               0  |               0  |                                              0  |
|  Sweep                        |               0  |               0  |                                              0  |
|  BUFG optimization            |               0  |               0  |                                              0  |
|  Shift Register Optimization  |               0  |               0  |                                              0  |
|  Post Processing Netlist      |               0  |               0  |                                              0  |
-------------------------------------------------------------------------------------------------------------------------


Ending Logic Optimization Task | Checksum: 157c20afe

Time (s): cpu = 00:00:00.13 ; elapsed = 00:00:00.11 . Memory (MB): peak = 2975.734 ; gain = 32.016 ; free physical = 352 ; free virtual = 13899

Starting Power Optimization Task
INFO: [Pwropt 34-132] Skipping clock gating for clocks with a period < 2.00 ns.
Ending Power Optimization Task | Checksum: 157c20afe

Time (s): cpu = 00:00:00.01 ; elapsed = 00:00:00.02 . Memory (MB): peak = 2975.734 ; gain = 0.000 ; free physical = 352 ; free virtual = 13899

Starting Final Cleanup Task
Ending Final Cleanup Task | Checksum: 157c20afe

Time (s): cpu = 00:00:00.01 ; elapsed = 00:00:00 . Memory (MB): peak = 2975.734 ; gain = 0.000 ; free physical = 352 ; free virtual = 13899

Starting Netlist Obfuscation Task
Netlist sorting complete. Time (s): cpu = 00:00:00 ; elapsed = 00:00:00 . Memory (MB): peak = 2975.734 ; gain = 0.000 ; free physical = 352 ; free virtual = 13899
Ending Netlist Obfuscation Task | Checksum: 157c20afe

Time (s): cpu = 00:00:00 ; elapsed = 00:00:00 . Memory (MB): peak = 2975.734 ; gain = 0.000 ; free physical = 352 ; free virtual = 13899
INFO: [Common 17-83] Releasing license: Implementation
27 Infos, 0 Warnings, 0 Critical Warnings and 0 Errors encountered.
opt_design completed successfully
opt_design: Time (s): cpu = 00:00:30 ; elapsed = 00:00:23 . Memory (MB): peak = 2975.734 ; gain = 907.957 ; free physical = 352 ; free virtual = 13899
INFO: [Vivado 12-24828] Executing command : report_drc -file lab_1b_top_level_drc_opted.rpt -pb lab_1b_top_level_drc_opted.pb -rpx lab_1b_top_level_drc_opted.rpx
Command: report_drc -file lab_1b_top_level_drc_opted.rpt -pb lab_1b_top_level_drc_opted.pb -rpx lab_1b_top_level_drc_opted.rpx
INFO: [IP_Flow 19-234] Refreshing IP repositories
INFO: [IP_Flow 19-1704] No user IP repositories specified
INFO: [IP_Flow 19-2313] Loaded Vivado IP repository '/tools/Xilinx/2025.1/Vivado/data/ip'.
INFO: [DRC 23-27] Running DRC with 8 threads
INFO: [Vivado_Tcl 2-168] The results of DRC are in file /home/jonesp/Downloads/School/453/Lab_1b/Lab_1b.runs/impl_1/lab_1b_top_level_drc_opted.rpt.
report_drc completed successfully
INFO: [Timing 38-480] Writing timing data to binary archive.
Write ShapeDB Complete: Time (s): cpu = 00:00:00.01 ; elapsed = 00:00:00 . Memory (MB): peak = 3014.391 ; gain = 0.000 ; free physical = 309 ; free virtual = 13859
Wrote PlaceDB: Time (s): cpu = 00:00:00.04 ; elapsed = 00:00:00.01 . Memory (MB): peak = 3014.391 ; gain = 0.000 ; free physical = 309 ; free virtual = 13859
Wrote PulsedLatchDB: Time (s): cpu = 00:00:00 ; elapsed = 00:00:00 . Memory (MB): peak = 3014.391 ; gain = 0.000 ; free physical = 309 ; free virtual = 13859
Writing XDEF routing.
Writing XDEF routing logical nets.
Writing XDEF routing special nets.
Wrote RouteStorage: Time (s): cpu = 00:00:00.08 ; elapsed = 00:00:00.04 . Memory (MB): peak = 3014.391 ; gain = 0.000 ; free physical = 309 ; free virtual = 13858
Wrote Netlist Cache: Time (s): cpu = 00:00:00 ; elapsed = 00:00:00 . Memory (MB): peak = 3014.391 ; gain = 0.000 ; free physical = 309 ; free virtual = 13858
Wrote Device Cache: Time (s): cpu = 00:00:00.02 ; elapsed = 00:00:00 . Memory (MB): peak = 3014.391 ; gain = 0.000 ; free physical = 309 ; free virtual = 13859
Write Physdb Complete: Time (s): cpu = 00:00:00.14 ; elapsed = 00:00:00.06 . Memory (MB): peak = 3014.391 ; gain = 0.000 ; free physical = 309 ; free virtual = 13859
INFO: [Common 17-1381] The checkpoint '/home/jonesp/Downloads/School/453/Lab_1b/Lab_1b.runs/impl_1/lab_1b_top_level_opt.dcp' has been generated.
Command: place_design
Attempting to get a license for feature 'Implementation' and/or device 'xc7a35t'
INFO: [Common 17-349] Got license for feature 'Implementation' and/or device 'xc7a35t'
INFO: [Common 17-83] Releasing license: Implementation
INFO: [DRC 23-27] Running DRC with 8 threads
INFO: [Vivado_Tcl 4-198] DRC finished with 0 Errors
INFO: [Vivado_Tcl 4-199] Please refer to the DRC report (report_drc) for more information.
Running DRC as a precondition to command place_design
INFO: [DRC 23-27] Running DRC with 8 threads
INFO: [Vivado_Tcl 4-198] DRC finished with 0 Errors
INFO: [Vivado_Tcl 4-199] Please refer to the DRC report (report_drc) for more information.
INFO: [Place 30-611] Multithreading enabled for place_design using a maximum of 8 CPUs

Starting Placer Task

Phase 1 Placer Initialization

Phase 1.1 Placer Initialization Netlist Sorting
Netlist sorting complete. Time (s): cpu = 00:00:00 ; elapsed = 00:00:00 . Memory (MB): peak = 3056.672 ; gain = 0.000 ; free physical = 223 ; free virtual = 13773
Phase 1.1 Placer Initialization Netlist Sorting | Checksum: 151b32299

Time (s): cpu = 00:00:00.01 ; elapsed = 00:00:00 . Memory (MB): peak = 3056.672 ; gain = 0.000 ; free physical = 223 ; free virtual = 13773
Netlist sorting complete. Time (s): cpu = 00:00:00 ; elapsed = 00:00:00 . Memory (MB): peak = 3056.672 ; gain = 0.000 ; free physical = 223 ; free virtual = 13773

Phase 1.2 IO Placement/ Clock Placement/ Build Placer Device
INFO: [Timing 38-35] Done setting XDC timing constraints.
Phase 1.2 IO Placement/ Clock Placement/ Build Placer Device | Checksum: 1f4623377

Time (s): cpu = 00:00:01 ; elapsed = 00:00:00.34 . Memory (MB): peak = 3056.672 ; gain = 0.000 ; free physical = 219 ; free virtual = 13769

Phase 1.3 Build Placer Netlist Model
Phase 1.3 Build Placer Netlist Model | Checksum: 2df561942

Time (s): cpu = 00:00:02 ; elapsed = 00:00:00.58 . Memory (MB): peak = 3088.688 ; gain = 32.016 ; free physical = 211 ; free virtual = 13762

Phase 1.4 Constrain Clocks/Macros
Phase 1.4 Constrain Clocks/Macros | Checksum: 2df561942

Time (s): cpu = 00:00:02 ; elapsed = 00:00:00.58 . Memory (MB): peak = 3088.688 ; gain = 32.016 ; free physical = 211 ; free virtual = 13762
Phase 1 Placer Initialization | Checksum: 2df561942

Time (s): cpu = 00:00:02 ; elapsed = 00:00:00.59 . Memory (MB): peak = 3088.688 ; gain = 32.016 ; free physical = 211 ; free virtual = 13762

Phase 2 Global Placement

Phase 2.1 Floorplanning
Phase 2.1 Floorplanning | Checksum: 257b8ffc6

Time (s): cpu = 00:00:02 ; elapsed = 00:00:00.7 . Memory (MB): peak = 3088.688 ; gain = 32.016 ; free physical = 196 ; free virtual = 13747

Phase 2.2 Update Timing before SLR Path Opt
Phase 2.2 Update Timing before SLR Path Opt | Checksum: 24bbf7d20

Time (s): cpu = 00:00:03 ; elapsed = 00:00:00.75 . Memory (MB): peak = 3088.688 ; gain = 32.016 ; free physical = 196 ; free virtual = 13747

Phase 2.3 Post-Processing in Floorplanning
Phase 2.3 Post-Processing in Floorplanning | Checksum: 24bbf7d20

Time (s): cpu = 00:00:03 ; elapsed = 00:00:00.75 . Memory (MB): peak = 3088.688 ; gain = 32.016 ; free physical = 196 ; free virtual = 13747

Phase 2.4 Global Place Phase1
Phase 2.4 Global Place Phase1 | Checksum: 2c2721c31

Time (s): cpu = 00:00:05 ; elapsed = 00:00:01 . Memory (MB): peak = 3088.688 ; gain = 32.016 ; free physical = 183 ; free virtual = 13734

Phase 2.5 Global Place Phase2

Phase 2.5.1 UpdateTiming Before Physical Synthesis
Phase 2.5.1 UpdateTiming Before Physical Synthesis | Checksum: 2d2ace473

Time (s): cpu = 00:00:05 ; elapsed = 00:00:01 . Memory (MB): peak = 3088.688 ; gain = 32.016 ; free physical = 183 ; free virtual = 13734

Phase 2.5.2 Physical Synthesis In Placer
INFO: [Physopt 32-1044] Break lutnm for timing: one critical 0, two critical 0, total 0, new lutff created 0
INFO: [Physopt 32-1138] End 1 Pass. Optimized 0 net or LUT. Breaked 0 LUT, combined 0 existing LUT and moved 0 existing LUT
INFO: [Physopt 32-65] No nets found for high-fanout optimization.
INFO: [Physopt 32-232] Optimized 0 net. Created 0 new instance.
INFO: [Physopt 32-775] End 1 Pass. Optimized 0 net or cell. Created 0 new cell, deleted 0 existing cell and moved 0 existing cell
INFO: [Physopt 32-670] No setup violation found.  DSP Register Optimization was not performed.
INFO: [Physopt 32-670] No setup violation found.  Shift Register to Pipeline Optimization was not performed.
INFO: [Physopt 32-670] No setup violation found.  Shift Register Optimization was not performed.
INFO: [Physopt 32-670] No setup violation found.  BRAM Register Optimization was not performed.
INFO: [Physopt 32-670] No setup violation found.  URAM Register Optimization was not performed.
INFO: [Physopt 32-949] No candidate nets found for dynamic/static region interface net replication
INFO: [Physopt 32-775] End 1 Pass. Optimized 0 net or cell. Created 0 new cell, deleted 0 existing cell and moved 0 existing cell
Netlist sorting complete. Time (s): cpu = 00:00:00 ; elapsed = 00:00:00 . Memory (MB): peak = 3088.688 ; gain = 0.000 ; free physical = 182 ; free virtual = 13735

Summary of Physical Synthesis Optimizations
============================================


-----------------------------------------------------------------------------------------------------------------------------------------------------------
|  Optimization                                     |  Added Cells  |  Removed Cells  |  Optimized Cells/Nets  |  Dont Touch  |  Iterations  |  Elapsed   |
-----------------------------------------------------------------------------------------------------------------------------------------------------------
|  LUT Combining                                    |            0  |              0  |                     0  |           0  |           1  |  00:00:00  |
|  Retime                                           |            0  |              0  |                     0  |           0  |           1  |  00:00:00  |
|  Very High Fanout                                 |            0  |              0  |                     0  |           0  |           1  |  00:00:00  |
|  DSP Register                                     |            0  |              0  |                     0  |           0  |           0  |  00:00:00  |
|  Shift Register to Pipeline                       |            0  |              0  |                     0  |           0  |           0  |  00:00:00  |
|  Shift Register                                   |            0  |              0  |                     0  |           0  |           0  |  00:00:00  |
|  BRAM Register                                    |            0  |              0  |                     0  |           0  |           0  |  00:00:00  |
|  URAM Register                                    |            0  |              0  |                     0  |           0  |           0  |  00:00:00  |
|  Dynamic/Static Region Interface Net Replication  |            0  |              0  |                     0  |           0  |           1  |  00:00:00  |
|  Total                                            |            0  |              0  |                     0  |           0  |           4  |  00:00:00  |
-----------------------------------------------------------------------------------------------------------------------------------------------------------


Phase 2.5.2 Physical Synthesis In Placer | Checksum: 2d2ace473

Time (s): cpu = 00:00:06 ; elapsed = 00:00:02 . Memory (MB): peak = 3088.688 ; gain = 32.016 ; free physical = 182 ; free virtual = 13735
Phase 2.5 Global Place Phase2 | Checksum: 2129d8716

Time (s): cpu = 00:00:07 ; elapsed = 00:00:02 . Memory (MB): peak = 3088.688 ; gain = 32.016 ; free physical = 182 ; free virtual = 13735
Phase 2 Global Placement | Checksum: 2129d8716

Time (s): cpu = 00:00:07 ; elapsed = 00:00:02 . Memory (MB): peak = 3088.688 ; gain = 32.016 ; free physical = 182 ; free virtual = 13735

Phase 3 Detail Placement

Phase 3.1 Commit Multi Column Macros
Phase 3.1 Commit Multi Column Macros | Checksum: 20aa67edf

Time (s): cpu = 00:00:07 ; elapsed = 00:00:02 . Memory (MB): peak = 3088.688 ; gain = 32.016 ; free physical = 182 ; free virtual = 13735

Phase 3.2 Commit Most Macros & LUTRAMs
Phase 3.2 Commit Most Macros & LUTRAMs | Checksum: 268b430b5

Time (s): cpu = 00:00:07 ; elapsed = 00:00:02 . Memory (MB): peak = 3088.688 ; gain = 32.016 ; free physical = 182 ; free virtual = 13734

Phase 3.3 Area Swap Optimization
Phase 3.3 Area Swap Optimization | Checksum: 24fb3e9ea

Time (s): cpu = 00:00:08 ; elapsed = 00:00:02 . Memory (MB): peak = 3088.688 ; gain = 32.016 ; free physical = 182 ; free virtual = 13734

Phase 3.4 Pipeline Register Optimization
Phase 3.4 Pipeline Register Optimization | Checksum: 24fb3e9ea

Time (s): cpu = 00:00:08 ; elapsed = 00:00:02 . Memory (MB): peak = 3088.688 ; gain = 32.016 ; free physical = 182 ; free virtual = 13735

Phase 3.5 Small Shape Detail Placement
Phase 3.5 Small Shape Detail Placement | Checksum: 2f10dd56e

Time (s): cpu = 00:00:09 ; elapsed = 00:00:03 . Memory (MB): peak = 3088.688 ; gain = 32.016 ; free physical = 183 ; free virtual = 13735

Phase 3.6 Re-assign LUT pins
Phase 3.6 Re-assign LUT pins | Checksum: 2b70f5d57

Time (s): cpu = 00:00:09 ; elapsed = 00:00:03 . Memory (MB): peak = 3088.688 ; gain = 32.016 ; free physical = 183 ; free virtual = 13735

Phase 3.7 Pipeline Register Optimization
Phase 3.7 Pipeline Register Optimization | Checksum: 2b70f5d57

Time (s): cpu = 00:00:09 ; elapsed = 00:00:03 . Memory (MB): peak = 3088.688 ; gain = 32.016 ; free physical = 183 ; free virtual = 13735
Phase 3 Detail Placement | Checksum: 2b70f5d57

Time (s): cpu = 00:00:09 ; elapsed = 00:00:03 . Memory (MB): peak = 3088.688 ; gain = 32.016 ; free physical = 183 ; free virtual = 13735

Phase 4 Post Placement Optimization and Clean-Up

Phase 4.1 Post Commit Optimization
INFO: [Timing 38-35] Done setting XDC timing constraints.

Phase 4.1.1 Post Placement Optimization
Post Placement Optimization Initialization | Checksum: 255781c15

Phase 4.1.1.1 BUFG Insertion

Starting Physical Synthesis Task

Phase 1 Physical Synthesis Initialization
INFO: [Physopt 32-721] Multithreading enabled for phys_opt_design using a maximum of 8 CPUs
INFO: [Physopt 32-619] Estimated Timing Summary | WNS=6.511 | TNS=0.000 |
Phase 1 Physical Synthesis Initialization | Checksum: 1008b27d8

Time (s): cpu = 00:00:00.14 ; elapsed = 00:00:00.02 . Memory (MB): peak = 3088.688 ; gain = 0.000 ; free physical = 183 ; free virtual = 13735
INFO: [Place 46-56] BUFG insertion identified 0 candidate nets. Inserted BUFG: 0, Replicated BUFG Driver: 0, Skipped due to Placement/Routing Conflicts: 0, Skipped due to Timing Degradation: 0, Skipped due to netlist editing failed: 0.
Ending Physical Synthesis Task | Checksum: 21369b8ce

Time (s): cpu = 00:00:00.15 ; elapsed = 00:00:00.02 . Memory (MB): peak = 3088.688 ; gain = 0.000 ; free physical = 183 ; free virtual = 13735
Phase 4.1.1.1 BUFG Insertion | Checksum: 255781c15

Time (s): cpu = 00:00:10 ; elapsed = 00:00:03 . Memory (MB): peak = 3088.688 ; gain = 32.016 ; free physical = 183 ; free virtual = 13735

Phase 4.1.1.2 Post Placement Timing Optimization
INFO: [Place 30-746] Post Placement Timing Summary WNS=6.511. For the most accurate timing information please run report_timing.
Phase 4.1.1.2 Post Placement Timing Optimization | Checksum: 248df3966

Time (s): cpu = 00:00:10 ; elapsed = 00:00:03 . Memory (MB): peak = 3088.688 ; gain = 32.016 ; free physical = 183 ; free virtual = 13735

Time (s): cpu = 00:00:10 ; elapsed = 00:00:03 . Memory (MB): peak = 3088.688 ; gain = 32.016 ; free physical = 183 ; free virtual = 13735
Phase 4.1 Post Commit Optimization | Checksum: 248df3966

Time (s): cpu = 00:00:10 ; elapsed = 00:00:03 . Memory (MB): peak = 3088.688 ; gain = 32.016 ; free physical = 183 ; free virtual = 13735

Phase 4.2 Post Placement Cleanup
Phase 4.2 Post Placement Cleanup | Checksum: 248df3966

Time (s): cpu = 00:00:10 ; elapsed = 00:00:03 . Memory (MB): peak = 3088.688 ; gain = 32.016 ; free physical = 183 ; free virtual = 13735

Phase 4.3 Placer Reporting

Phase 4.3.1 Print Estimated Congestion
INFO: [Place 30-612] Post-Placement Estimated Congestion 
 ____________________________________________________
|           | Global Congestion | Short Congestion  |
| Direction | Region Size       | Region Size       |
|___________|___________________|___________________|
|      North|                1x1|                1x1|
|___________|___________________|___________________|
|      South|                1x1|                1x1|
|___________|___________________|___________________|
|       East|                1x1|                1x1|
|___________|___________________|___________________|
|       West|                1x1|                1x1|
|___________|___________________|___________________|

Phase 4.3.1 Print Estimated Congestion | Checksum: 248df3966

Time (s): cpu = 00:00:10 ; elapsed = 00:00:03 . Memory (MB): peak = 3088.688 ; gain = 32.016 ; free physical = 183 ; free virtual = 13735
Phase 4.3 Placer Reporting | Checksum: 248df3966

Time (s): cpu = 00:00:10 ; elapsed = 00:00:03 . Memory (MB): peak = 3088.688 ; gain = 32.016 ; free physical = 183 ; free virtual = 13735

Phase 4.4 Final Placement Cleanup
Netlist sorting complete. Time (s): cpu = 00:00:00.01 ; elapsed = 00:00:00 . Memory (MB): peak = 3088.688 ; gain = 0.000 ; free physical = 183 ; free virtual = 13735

Time (s): cpu = 00:00:10 ; elapsed = 00:00:03 . Memory (MB): peak = 3088.688 ; gain = 32.016 ; free physical = 183 ; free virtual = 13735
Phase 4 Post Placement Optimization and Clean-Up | Checksum: 26c1564c3

Time (s): cpu = 00:00:10 ; elapsed = 00:00:03 . Memory (MB): peak = 3088.688 ; gain = 32.016 ; free physical = 183 ; free virtual = 13735
Ending Placer Task | Checksum: 23090fbc6

Time (s): cpu = 00:00:10 ; elapsed = 00:00:03 . Memory (MB): peak = 3088.688 ; gain = 32.016 ; free physical = 183 ; free virtual = 13735
63 Infos, 0 Warnings, 0 Critical Warnings and 0 Errors encountered.
place_design completed successfully
place_design: Time (s): cpu = 00:00:25 ; elapsed = 00:00:07 . Memory (MB): peak = 3088.688 ; gain = 74.297 ; free physical = 183 ; free virtual = 13735
INFO: [Vivado 12-24838] Running report commands "report_control_sets, report_io, report_utilization" in parallel.
Running report generation with 3 threads.
INFO: [Vivado 12-24828] Executing command : report_control_sets -verbose -file lab_1b_top_level_control_sets_placed.rpt
report_control_sets: Time (s): cpu = 00:00:00.09 ; elapsed = 00:00:00.16 . Memory (MB): peak = 3088.688 ; gain = 0.000 ; free physical = 182 ; free virtual = 13734
INFO: [Vivado 12-24828] Executing command : report_utilization -file lab_1b_top_level_utilization_placed.rpt -pb lab_1b_top_level_utilization_placed.pb
INFO: [Vivado 12-24828] Executing command : report_io -file lab_1b_top_level_io_placed.rpt
report_io: Time (s): cpu = 00:00:00.3 ; elapsed = 00:00:00.42 . Memory (MB): peak = 3088.688 ; gain = 0.000 ; free physical = 183 ; free virtual = 13735
INFO: [Timing 38-480] Writing timing data to binary archive.
Write ShapeDB Complete: Time (s): cpu = 00:00:00 ; elapsed = 00:00:00 . Memory (MB): peak = 3088.688 ; gain = 0.000 ; free physical = 183 ; free virtual = 13735
Wrote PlaceDB: Time (s): cpu = 00:00:00.07 ; elapsed = 00:00:00.03 . Memory (MB): peak = 3088.688 ; gain = 0.000 ; free physical = 183 ; free virtual = 13735
Wrote PulsedLatchDB: Time (s): cpu = 00:00:00 ; elapsed = 00:00:00 . Memory (MB): peak = 3088.688 ; gain = 0.000 ; free physical = 183 ; free virtual = 13735
Writing XDEF routing.
Writing XDEF routing logical nets.
Writing XDEF routing special nets.
Wrote RouteStorage: Time (s): cpu = 00:00:00.06 ; elapsed = 00:00:00.03 . Memory (MB): peak = 3088.688 ; gain = 0.000 ; free physical = 183 ; free virtual = 13735
Wrote Netlist Cache: Time (s): cpu = 00:00:00 ; elapsed = 00:00:00 . Memory (MB): peak = 3088.688 ; gain = 0.000 ; free physical = 183 ; free virtual = 13735
Wrote Device Cache: Time (s): cpu = 00:00:00.01 ; elapsed = 00:00:00.01 . Memory (MB): peak = 3088.688 ; gain = 0.000 ; free physical = 183 ; free virtual = 13735
Write Physdb Complete: Time (s): cpu = 00:00:00.15 ; elapsed = 00:00:00.07 . Memory (MB): peak = 3088.688 ; gain = 0.000 ; free physical = 183 ; free virtual = 13735
INFO: [Common 17-1381] The checkpoint '/home/jonesp/Downloads/School/453/Lab_1b/Lab_1b.runs/impl_1/lab_1b_top_level_placed.dcp' has been generated.
Command: phys_opt_design
Attempting to get a license for feature 'Implementation' and/or device 'xc7a35t'
INFO: [Common 17-349] Got license for feature 'Implementation' and/or device 'xc7a35t'

Starting Initial Update Timing Task

Time (s): cpu = 00:00:00.05 ; elapsed = 00:00:00.05 . Memory (MB): peak = 3088.688 ; gain = 0.000 ; free physical = 175 ; free virtual = 13727
INFO: [Vivado_Tcl 4-2279] Estimated Timing Summary | WNS= 6.511 | TNS= 0.000 | 
INFO: [Vivado_Tcl 4-383] Design worst setup slack (WNS) is greater than or equal to 0.000 ns. All physical synthesis setup optimizations will be skipped.
INFO: [Vivado_Tcl 4-232] No setup violation found. The netlist was not modified.
INFO: [Common 17-83] Releasing license: Implementation
74 Infos, 0 Warnings, 0 Critical Warnings and 0 Errors encountered.
phys_opt_design completed successfully
INFO: [Timing 38-480] Writing timing data to binary archive.
Write ShapeDB Complete: Time (s): cpu = 00:00:00.01 ; elapsed = 00:00:00.01 . Memory (MB): peak = 3088.688 ; gain = 0.000 ; free physical = 177 ; free virtual = 13729
Wrote PlaceDB: Time (s): cpu = 00:00:00.04 ; elapsed = 00:00:00.02 . Memory (MB): peak = 3088.688 ; gain = 0.000 ; free physical = 177 ; free virtual = 13729
Wrote PulsedLatchDB: Time (s): cpu = 00:00:00 ; elapsed = 00:00:00 . Memory (MB): peak = 3088.688 ; gain = 0.000 ; free physical = 177 ; free virtual = 13729
Writing XDEF routing.
Writing XDEF routing logical nets.
Writing XDEF routing special nets.
Wrote RouteStorage: Time (s): cpu = 00:00:00.06 ; elapsed = 00:00:00.03 . Memory (MB): peak = 3088.688 ; gain = 0.000 ; free physical = 178 ; free virtual = 13730
Wrote Netlist Cache: Time (s): cpu = 00:00:00 ; elapsed = 00:00:00 . Memory (MB): peak = 3088.688 ; gain = 0.000 ; free physical = 178 ; free virtual = 13730
Wrote Device Cache: Time (s): cpu = 00:00:00.01 ; elapsed = 00:00:00 . Memory (MB): peak = 3088.688 ; gain = 0.000 ; free physical = 176 ; free virtual = 13729
Write Physdb Complete: Time (s): cpu = 00:00:00.13 ; elapsed = 00:00:00.06 . Memory (MB): peak = 3088.688 ; gain = 0.000 ; free physical = 176 ; free virtual = 13729
INFO: [Common 17-1381] The checkpoint '/home/jonesp/Downloads/School/453/Lab_1b/Lab_1b.runs/impl_1/lab_1b_top_level_physopt.dcp' has been generated.
Command: route_design
Attempting to get a license for feature 'Implementation' and/or device 'xc7a35t'
INFO: [Common 17-349] Got license for feature 'Implementation' and/or device 'xc7a35t'


Starting Routing Task
INFO: [Route 35-254] Multithreading enabled for route_design using a maximum of 8 CPUs

Phase 1 Build RT Design
Checksum: PlaceDB: ba7a804b ConstDB: 0 ShapeSum: d5951f24 RouteDB: a0815c57
Post Restoration Checksum: NetGraph: 922138f2 | NumContArr: 3eb58d12 | Constraints: c2a8fa9d | Timing: c2a8fa9d
Phase 1 Build RT Design | Checksum: 25628bb3e

Time (s): cpu = 00:00:37 ; elapsed = 00:00:31 . Memory (MB): peak = 3139.637 ; gain = 50.949 ; free physical = 318 ; free virtual = 13619

Phase 2 Router Initialization

Phase 2.1 Fix Topology Constraints
Phase 2.1 Fix Topology Constraints | Checksum: 25628bb3e

Time (s): cpu = 00:00:37 ; elapsed = 00:00:31 . Memory (MB): peak = 3139.637 ; gain = 50.949 ; free physical = 318 ; free virtual = 13619

Phase 2.2 Pre Route Cleanup
Phase 2.2 Pre Route Cleanup | Checksum: 25628bb3e

Time (s): cpu = 00:00:37 ; elapsed = 00:00:31 . Memory (MB): peak = 3139.637 ; gain = 50.949 ; free physical = 318 ; free virtual = 13619
 Number of Nodes with overlaps = 0

Phase 2.3 Update Timing
Phase 2.3 Update Timing | Checksum: 21d4a47ab

Time (s): cpu = 00:00:38 ; elapsed = 00:00:32 . Memory (MB): peak = 3165.637 ; gain = 76.949 ; free physical = 302 ; free virtual = 13603
INFO: [Route 35-416] Intermediate Timing Summary | WNS=6.463  | TNS=0.000  | WHS=-0.063 | THS=-0.143 |


Phase 2.4 Soft Constraint Pins - Fast Budgeting
Phase 2.4 Soft Constraint Pins - Fast Budgeting | Checksum: 2800b48a0

Time (s): cpu = 00:00:38 ; elapsed = 00:00:32 . Memory (MB): peak = 3181.637 ; gain = 92.949 ; free physical = 294 ; free virtual = 13595

Router Utilization Summary
  Global Vertical Routing Utilization    = 0 %
  Global Horizontal Routing Utilization  = 0 %
  Routable Net Status*
  *Does not include unroutable nets such as driverless and loadless.
  Run report_route_status for detailed report.
  Number of Failed Nets               = 77
    (Failed Nets is the sum of unrouted and partially routed nets)
  Number of Unrouted Nets             = 77
  Number of Partially Routed Nets     = 0
  Number of Node Overlaps             = 0

Phase 2 Router Initialization | Checksum: 2800b48a0

Time (s): cpu = 00:00:39 ; elapsed = 00:00:32 . Memory (MB): peak = 3181.637 ; gain = 92.949 ; free physical = 294 ; free virtual = 13595

Phase 3 Global Routing
Phase 3 Global Routing | Checksum: 2800b48a0

Time (s): cpu = 00:00:39 ; elapsed = 00:00:32 . Memory (MB): peak = 3181.637 ; gain = 92.949 ; free physical = 294 ; free virtual = 13595

Phase 4 Initial Routing

Phase 4.1 Initial Net Routing Pass
Phase 4.1 Initial Net Routing Pass | Checksum: 2f07a66b6

Time (s): cpu = 00:00:40 ; elapsed = 00:00:32 . Memory (MB): peak = 3181.637 ; gain = 92.949 ; free physical = 294 ; free virtual = 13595
Phase 4 Initial Routing | Checksum: 2f07a66b6

Time (s): cpu = 00:00:40 ; elapsed = 00:00:32 . Memory (MB): peak = 3181.637 ; gain = 92.949 ; free physical = 294 ; free virtual = 13595

Phase 5 Rip-up And Reroute

Phase 5.1 Global Iteration 0
 Number of Nodes with overlaps = 2
 Number of Nodes with overlaps = 0
INFO: [Route 35-416] Intermediate Timing Summary | WNS=6.213  | TNS=0.000  | WHS=N/A    | THS=N/A    |

Phase 5.1 Global Iteration 0 | Checksum: 1e08c07ae

Time (s): cpu = 00:00:40 ; elapsed = 00:00:32 . Memory (MB): peak = 3181.637 ; gain = 92.949 ; free physical = 294 ; free virtual = 13595
Phase 5 Rip-up And Reroute | Checksum: 1e08c07ae

Time (s): cpu = 00:00:40 ; elapsed = 00:00:32 . Memory (MB): peak = 3181.637 ; gain = 92.949 ; free physical = 294 ; free virtual = 13595

Phase 6 Delay and Skew Optimization

Phase 6.1 Delay CleanUp
Phase 6.1 Delay CleanUp | Checksum: 1e08c07ae

Time (s): cpu = 00:00:40 ; elapsed = 00:00:32 . Memory (MB): peak = 3181.637 ; gain = 92.949 ; free physical = 294 ; free virtual = 13595

Phase 6.2 Clock Skew Optimization
Phase 6.2 Clock Skew Optimization | Checksum: 1e08c07ae

Time (s): cpu = 00:00:40 ; elapsed = 00:00:32 . Memory (MB): peak = 3181.637 ; gain = 92.949 ; free physical = 294 ; free virtual = 13595
Phase 6 Delay and Skew Optimization | Checksum: 1e08c07ae

Time (s): cpu = 00:00:40 ; elapsed = 00:00:32 . Memory (MB): peak = 3181.637 ; gain = 92.949 ; free physical = 294 ; free virtual = 13595

Phase 7 Post Hold Fix

Phase 7.1 Hold Fix Iter
INFO: [Route 35-416] Intermediate Timing Summary | WNS=6.306  | TNS=0.000  | WHS=0.252  | THS=0.000  |

Phase 7.1 Hold Fix Iter | Checksum: 249b796be

Time (s): cpu = 00:00:40 ; elapsed = 00:00:32 . Memory (MB): peak = 3181.637 ; gain = 92.949 ; free physical = 294 ; free virtual = 13595
Phase 7 Post Hold Fix | Checksum: 249b796be

Time (s): cpu = 00:00:40 ; elapsed = 00:00:32 . Memory (MB): peak = 3181.637 ; gain = 92.949 ; free physical = 294 ; free virtual = 13595

Phase 8 Route finalize

Router Utilization Summary
  Global Vertical Routing Utilization    = 0.0521406 %
  Global Horizontal Routing Utilization  = 0.0606455 %
  Routable Net Status*
  *Does not include unroutable nets such as driverless and loadless.
  Run report_route_status for detailed report.
  Number of Failed Nets               = 0
    (Failed Nets is the sum of unrouted and partially routed nets)
  Number of Unrouted Nets             = 0
  Number of Partially Routed Nets     = 0
  Number of Node Overlaps             = 0

Phase 8 Route finalize | Checksum: 249b796be

Time (s): cpu = 00:00:40 ; elapsed = 00:00:32 . Memory (MB): peak = 3181.637 ; gain = 92.949 ; free physical = 294 ; free virtual = 13595

Phase 9 Verifying routed nets

 Verification completed successfully
Phase 9 Verifying routed nets | Checksum: 249b796be

Time (s): cpu = 00:00:40 ; elapsed = 00:00:32 . Memory (MB): peak = 3181.637 ; gain = 92.949 ; free physical = 294 ; free virtual = 13595

Phase 10 Depositing Routes
Phase 10 Depositing Routes | Checksum: 255b3b48a

Time (s): cpu = 00:00:40 ; elapsed = 00:00:32 . Memory (MB): peak = 3181.637 ; gain = 92.949 ; free physical = 294 ; free virtual = 13595

Phase 11 Post Process Routing
Phase 11 Post Process Routing | Checksum: 255b3b48a

Time (s): cpu = 00:00:40 ; elapsed = 00:00:32 . Memory (MB): peak = 3181.637 ; gain = 92.949 ; free physical = 294 ; free virtual = 13595

Phase 12 Post Router Timing
INFO: [Route 35-57] Estimated Timing Summary | WNS=6.306  | TNS=0.000  | WHS=0.252  | THS=0.000  |

INFO: [Route 35-327] The final timing numbers are based on the router estimated timing analysis. For a complete and accurate timing signoff, please run report_timing_summary.
Phase 12 Post Router Timing | Checksum: 255b3b48a

Time (s): cpu = 00:00:40 ; elapsed = 00:00:32 . Memory (MB): peak = 3181.637 ; gain = 92.949 ; free physical = 294 ; free virtual = 13595
Total Elapsed time in route_design: 32.26 secs

Phase 13 Post-Route Event Processing
Phase 13 Post-Route Event Processing | Checksum: 23411f59c

Time (s): cpu = 00:00:40 ; elapsed = 00:00:32 . Memory (MB): peak = 3181.637 ; gain = 92.949 ; free physical = 294 ; free virtual = 13595
INFO: [Route 35-16] Router Completed Successfully
Ending Routing Task | Checksum: 23411f59c

Time (s): cpu = 00:00:40 ; elapsed = 00:00:32 . Memory (MB): peak = 3181.637 ; gain = 92.949 ; free physical = 294 ; free virtual = 13595

Routing Is Done.
INFO: [Common 17-83] Releasing license: Implementation
85 Infos, 0 Warnings, 0 Critical Warnings and 0 Errors encountered.
route_design completed successfully
route_design: Time (s): cpu = 00:00:40 ; elapsed = 00:00:32 . Memory (MB): peak = 3181.637 ; gain = 92.949 ; free physical = 294 ; free virtual = 13595
INFO: [Vivado 12-24828] Executing command : report_drc -file lab_1b_top_level_drc_routed.rpt -pb lab_1b_top_level_drc_routed.pb -rpx lab_1b_top_level_drc_routed.rpx
Command: report_drc -file lab_1b_top_level_drc_routed.rpt -pb lab_1b_top_level_drc_routed.pb -rpx lab_1b_top_level_drc_routed.rpx
INFO: [IP_Flow 19-1839] IP Catalog is up to date.
INFO: [DRC 23-27] Running DRC with 8 threads
INFO: [Vivado_Tcl 2-168] The results of DRC are in file /home/jonesp/Downloads/School/453/Lab_1b/Lab_1b.runs/impl_1/lab_1b_top_level_drc_routed.rpt.
report_drc completed successfully
report_drc: Time (s): cpu = 00:00:20 ; elapsed = 00:00:05 . Memory (MB): peak = 3252.426 ; gain = 70.789 ; free physical = 283 ; free virtual = 13585
INFO: [Vivado 12-24828] Executing command : report_methodology -file lab_1b_top_level_methodology_drc_routed.rpt -pb lab_1b_top_level_methodology_drc_routed.pb -rpx lab_1b_top_level_methodology_drc_routed.rpx
Command: report_methodology -file lab_1b_top_level_methodology_drc_routed.rpt -pb lab_1b_top_level_methodology_drc_routed.pb -rpx lab_1b_top_level_methodology_drc_routed.rpx
INFO: [Timing 38-35] Done setting XDC timing constraints.
INFO: [DRC 23-133] Running Methodology with 8 threads
INFO: [Vivado_Tcl 2-1520] The results of Report Methodology are in file /home/jonesp/Downloads/School/453/Lab_1b/Lab_1b.runs/impl_1/lab_1b_top_level_methodology_drc_routed.rpt.
report_methodology completed successfully
INFO: [Vivado 12-24828] Executing command : report_timing_summary -max_paths 10 -routable_nets -report_unconstrained -file lab_1b_top_level_timing_summary_routed.rpt -pb lab_1b_top_level_timing_summary_routed.pb -rpx lab_1b_top_level_timing_summary_routed.rpx -warn_on_violation 
INFO: [Timing 38-35] Done setting XDC timing constraints.
INFO: [Timing 38-91] UpdateTimingParams: Speed grade: -1, Delay Type: min_max.
INFO: [Timing 38-191] Multithreading enabled for timing update using a maximum of 8 CPUs
INFO: [Vivado 12-24838] Running report commands "report_bus_skew, report_incremental_reuse, report_route_status" in parallel.
Running report generation with 3 threads.
INFO: [Vivado 12-24828] Executing command : report_route_status -file lab_1b_top_level_route_status.rpt -pb lab_1b_top_level_route_status.pb
INFO: [Vivado 12-24828] Executing command : report_incremental_reuse -file lab_1b_top_level_incremental_reuse_routed.rpt
INFO: [Vivado_Tcl 4-1062] Incremental flow is disabled. No incremental reuse Info to report.
INFO: [Vivado 12-24828] Executing command : report_bus_skew -warn_on_violation -file lab_1b_top_level_bus_skew_routed.rpt -pb lab_1b_top_level_bus_skew_routed.pb -rpx lab_1b_top_level_bus_skew_routed.rpx
INFO: [Timing 38-91] UpdateTimingParams: Speed grade: -1, Delay Type: min_max.
INFO: [Timing 38-191] Multithreading enabled for timing update using a maximum of 8 CPUs
INFO: [Vivado 12-24828] Executing command : report_power -file lab_1b_top_level_power_routed.rpt -pb lab_1b_top_level_power_summary_routed.pb -rpx lab_1b_top_level_power_routed.rpx
Command: report_power -file lab_1b_top_level_power_routed.rpt -pb lab_1b_top_level_power_summary_routed.pb -rpx lab_1b_top_level_power_routed.rpx
Running Vector-less Activity Propagation...

Finished Running Vector-less Activity Propagation
105 Infos, 0 Warnings, 0 Critical Warnings and 0 Errors encountered.
report_power completed successfully
INFO: [Vivado 12-24828] Executing command : report_clock_utilization -file lab_1b_top_level_clock_utilization_routed.rpt
generate_parallel_reports: Time (s): cpu = 00:00:41 ; elapsed = 00:00:12 . Memory (MB): peak = 3312.324 ; gain = 130.688 ; free physical = 221 ; free virtual = 13529
INFO: [Timing 38-480] Writing timing data to binary archive.
Write ShapeDB Complete: Time (s): cpu = 00:00:00 ; elapsed = 00:00:00 . Memory (MB): peak = 3312.324 ; gain = 0.000 ; free physical = 221 ; free virtual = 13529
Wrote PlaceDB: Time (s): cpu = 00:00:00.07 ; elapsed = 00:00:00.02 . Memory (MB): peak = 3312.324 ; gain = 0.000 ; free physical = 221 ; free virtual = 13529
Wrote PulsedLatchDB: Time (s): cpu = 00:00:00 ; elapsed = 00:00:00 . Memory (MB): peak = 3312.324 ; gain = 0.000 ; free physical = 221 ; free virtual = 13529
Writing XDEF routing.
Writing XDEF routing logical nets.
Writing XDEF routing special nets.
Wrote RouteStorage: Time (s): cpu = 00:00:00.07 ; elapsed = 00:00:00.04 . Memory (MB): peak = 3312.324 ; gain = 0.000 ; free physical = 221 ; free virtual = 13530
Wrote Netlist Cache: Time (s): cpu = 00:00:00 ; elapsed = 00:00:00 . Memory (MB): peak = 3312.324 ; gain = 0.000 ; free physical = 221 ; free virtual = 13530
Wrote Device Cache: Time (s): cpu = 00:00:00.02 ; elapsed = 00:00:00.01 . Memory (MB): peak = 3312.324 ; gain = 0.000 ; free physical = 220 ; free virtual = 13529
Write Physdb Complete: Time (s): cpu = 00:00:00.16 ; elapsed = 00:00:00.07 . Memory (MB): peak = 3312.324 ; gain = 0.000 ; free physical = 220 ; free virtual = 13529
INFO: [Common 17-1381] The checkpoint '/home/jonesp/Downloads/School/453/Lab_1b/Lab_1b.runs/impl_1/lab_1b_top_level_routed.dcp' has been generated.
INFO: [Common 17-206] Exiting Vivado at Mon Sep 21 12:12:26 2026...
